<?xml version="1.0" encoding="utf-8"?>
<TestRun id="b56053bb-c99a-4cfe-8088-dd4cd0815546" name="vbourdon@VP0006864 2022-03-09 23:08:47" runUser="OREDIS-VP\vbourdon" xmlns="http://microsoft.com/schemas/VisualStudio/TeamTest/2010">
  <Times creation="2022-03-09T23:08:47.2656344+01:00" queuing="2022-03-09T23:08:47.2656348+01:00" start="2022-03-09T23:08:42.2545122+01:00" finish="2022-03-09T23:08:47.2711902+01:00" />
  <TestSettings name="default" id="35d2d570-a323-4967-843f-d29e79e3173d">
    <Deployment runDeploymentRoot="vbourdon_VP0006864_2022-03-09_23_08_47" />
  </TestSettings>
  <Results>
    <UnitTestResult executionId="2dca807e-24d5-4a92-bbd4-d3922e37a5a7" testId="7a538c8b-1cb0-1e3c-fefb-731ec495e529" testName="Fun2C.Tests.MaybeTests.Flatten" computerName="VP0006864" duration="00:00:00.0084993" startTime="2022-03-09T23:08:46.9881697+01:00" endTime="2022-03-09T23:08:46.9881933+01:00" testType="13cdc9d9-ddb5-4fa4-a97d-d965ccfc6d4b" outcome="Passed" testListId="8c84fa94-04c1-424b-9868-57a2d4851a1d" relativeResultsDirectory="2dca807e-24d5-4a92-bbd4-d3922e37a5a7" />
  </Results>
  <TestDefinitions>
    <UnitTest name="Fun2C.Tests.MaybeTests.Flatten" storage="c:\data\fun2c\fun2c.tests\bin\debug\net6.0\__instrumented_fun2c.tests\fun2c.tests.dll" id="7a538c8b-1cb0-1e3c-fefb-731ec495e529">
      <Execution id="2dca807e-24d5-4a92-bbd4-d3922e37a5a7" />
      <TestMethod codeBase="C:\DATA\Fun2C\Fun2C.Tests\bin\Debug\net6.0\__Instrumented_Fun2C.Tests\Fun2C.Tests.dll" adapterTypeName="executor://xunit/VsTestRunner2/netcoreapp" className="Fun2C.Tests.MaybeTests" name="Flatten" />
    </UnitTest>
  </TestDefinitions>
  <TestEntries>
    <TestEntry testId="7a538c8b-1cb0-1e3c-fefb-731ec495e529" executionId="2dca807e-24d5-4a92-bbd4-d3922e37a5a7" testListId="8c84fa94-04c1-424b-9868-57a2d4851a1d" />
  </TestEntries>
  <TestLists>
    <TestList name="Les résultats ne figurent pas dans une liste" id="8c84fa94-04c1-424b-9868-57a2d4851a1d" />
    <TestList name="Tous les résultats chargés" id="19431567-8539-422a-85d7-44ee4e166bda" />
  </TestLists>
  <ResultSummary outcome="Completed">
    <Counters total="1" executed="1" passed="1" failed="0" error="0" timeout="0" aborted="0" inconclusive="0" passedButRunAborted="0" notRunnable="0" notExecuted="0" disconnected="0" warning="0" completed="0" inProgress="0" pending="0" />
    <Output>
      <StdOut>[xUnit.net 00:00:00.00] xUnit.net VSTest Adapter v2.4.3+1b45f5407b (64-bit .NET 6.0.2)&#xD;
[xUnit.net 00:00:01.65]   Discovering: Fun2C.Tests&#xD;
[xUnit.net 00:00:01.69]   Discovered:  Fun2C.Tests&#xD;
[xUnit.net 00:00:01.69]   Starting:    Fun2C.Tests&#xD;
[xUnit.net 00:00:01.78]   Finished:    Fun2C.Tests&#xD;
</StdOut>
    </Output>
    <CollectorDataEntries>
      <Collector agentName="VP0006864" uri="datacollector://microsoft/CoverletCodeCoverage/1.0" collectorDisplayName="XPlat code coverage">
        <UriAttachments>
          <UriAttachment>
            <A href="VP0006864\coverage.cobertura.xml"></A>
          </UriAttachment>
        </UriAttachments>
      </Collector>
    </CollectorDataEntries>
  </ResultSummary>
</TestRun>